  Zji┼í┼ąuj├ş se projekty, kter├ę se maj├ş obnovit...
  Obnovil se projekt D:\DiskChecker\DiskChecker.UI.WPF\DiskChecker.UI.WPF.csproj (v 469 ms).
  Obnovil se projekt D:\DiskChecker\DiskChecker.UI.Avalonia\DiskChecker.UI.Avalonia.csproj (v 469 ms).
  4 z 6 projekt┼» jsou v aktu├íln├şm stavu pro obnoven├ş.
C:\Program Files\dotnet\sdk\10.0.200-preview.0.26103.119\Sdks\Microsoft.NET.Sdk\targets\Microsoft.NET.RuntimeIdentifierInference.targets(383,5): message NETSDK1057: Pou┼ż├şv├íte verzi Preview rozhran├ş .NET. Viz: https://aka.ms/dotnet-support-policy [D:\DiskChecker\DiskChecker.UI\DiskChecker.UI.csproj]
C:\Program Files\dotnet\sdk\10.0.200-preview.0.26103.119\Sdks\Microsoft.NET.Sdk\targets\Microsoft.NET.RuntimeIdentifierInference.targets(383,5): message NETSDK1057: Pou┼ż├şv├íte verzi Preview rozhran├ş .NET. Viz: https://aka.ms/dotnet-support-policy [D:\DiskChecker\DiskChecker.Core\DiskChecker.Core.csproj]
C:\Program Files\dotnet\sdk\10.0.200-preview.0.26103.119\Sdks\Microsoft.NET.Sdk\targets\Microsoft.NET.RuntimeIdentifierInference.targets(383,5): message NETSDK1057: Pou┼ż├şv├íte verzi Preview rozhran├ş .NET. Viz: https://aka.ms/dotnet-support-policy [D:\DiskChecker\DiskChecker.UI.WPF\DiskChecker.UI.WPF.csproj]
C:\Program Files\dotnet\sdk\10.0.200-preview.0.26103.119\Sdks\Microsoft.NET.Sdk\targets\Microsoft.NET.RuntimeIdentifierInference.targets(383,5): message NETSDK1057: Pou┼ż├şv├íte verzi Preview rozhran├ş .NET. Viz: https://aka.ms/dotnet-support-policy [D:\DiskChecker\DiskChecker.Infrastructure\DiskChecker.Infrastructure.csproj]
C:\Program Files\dotnet\sdk\10.0.200-preview.0.26103.119\Sdks\Microsoft.NET.Sdk\targets\Microsoft.NET.RuntimeIdentifierInference.targets(383,5): message NETSDK1057: Pou┼ż├şv├íte verzi Preview rozhran├ş .NET. Viz: https://aka.ms/dotnet-support-policy [D:\DiskChecker\DiskChecker.UI.Avalonia\DiskChecker.UI.Avalonia.csproj]
  DiskChecker.Core -> D:\DiskChecker\DiskChecker.Core\bin\Debug\net10.0\DiskChecker.Core.dll
C:\Program Files\dotnet\sdk\10.0.200-preview.0.26103.119\Sdks\Microsoft.NET.Sdk\targets\Microsoft.NET.RuntimeIdentifierInference.targets(383,5): message NETSDK1057: Pou┼ż├şv├íte verzi Preview rozhran├ş .NET. Viz: https://aka.ms/dotnet-support-policy [D:\DiskChecker\DiskChecker.Application\DiskChecker.Application.csproj]
  DiskChecker.Infrastructure -> D:\DiskChecker\DiskChecker.Infrastructure\bin\Debug\net10.0\DiskChecker.Infrastructure.dll
  DiskChecker.Application -> D:\DiskChecker\DiskChecker.Application\bin\Debug\net10.0\DiskChecker.Application.dll
  Avalonia Accelerate Community requires telemetry. To opt out, please upgrade to a paid tier. Learn more: https://avaloniaui.net/accelerate/
D:\DiskChecker\DiskChecker.UI\Console\Pages\MainConsoleMenu.cs(1391,44): error CS0246: Typ nebo n├ízev oboru n├ízv┼» CompareItem se nena┼íel. (Nechyb├ş direktiva using nebo odkaz na sestaven├ş?) [D:\DiskChecker\DiskChecker.UI\DiskChecker.UI.csproj]
D:\DiskChecker\DiskChecker.UI\Console\Pages\MainConsoleMenu.cs(1391,75): error CS0246: Typ nebo n├ízev oboru n├ízv┼» DriveCompareItem se nena┼íel. (Nechyb├ş direktiva using nebo odkaz na sestaven├ş?) [D:\DiskChecker\DiskChecker.UI\DiskChecker.UI.csproj]
D:\DiskChecker\DiskChecker.UI\Console\Pages\MainConsoleMenu.cs(1561,56): error CS0246: Typ nebo n├ízev oboru n├ízv┼» DriveCompareItem se nena┼íel. (Nechyb├ş direktiva using nebo odkaz na sestaven├ş?) [D:\DiskChecker\DiskChecker.UI\DiskChecker.UI.csproj]
D:\DiskChecker\DiskChecker.UI.Avalonia\Services\BackupService.cs(222,35): error CS0246: Typ nebo n├ízev oboru n├ízv┼» BackupInfo se nena┼íel. (Nechyb├ş direktiva using nebo odkaz na sestaven├ş?) [D:\DiskChecker\DiskChecker.UI.Avalonia\DiskChecker.UI.Avalonia.csproj]
D:\DiskChecker\DiskChecker.UI.Avalonia\Services\BackupService.cs(14,30): error CS0738: BackupService neimplementuje ─Źlen rozhran├ş IBackupService.RestoreBackupAsync(string). BackupService.RestoreBackupAsync(string) nem┼»┼że implementovat ─Źlen IBackupService.RestoreBackupAsync(string), proto┼że nem├í odpov├şdaj├şc├ş n├ívratov├Ż typ Task. [D:\DiskChecker\DiskChecker.UI.Avalonia\DiskChecker.UI.Avalonia.csproj]
D:\DiskChecker\DiskChecker.UI.Avalonia\Services\BackupService.cs(14,30): error CS0738: BackupService neimplementuje ─Źlen rozhran├ş IBackupService.GetAvailableBackupsAsync(). BackupService.GetAvailableBackupsAsync() nem┼»┼że implementovat ─Źlen IBackupService.GetAvailableBackupsAsync(), proto┼że nem├í odpov├şdaj├şc├ş n├ívratov├Ż typ Task<IEnumerable<string>>. [D:\DiskChecker\DiskChecker.UI.Avalonia\DiskChecker.UI.Avalonia.csproj]
D:\DiskChecker\DiskChecker.UI.Avalonia\Services\BackupService.cs(14,30): error CS0535: BackupService neimplementuje ─Źlen rozhran├ş IBackupService.DeleteBackupAsync(string). [D:\DiskChecker\DiskChecker.UI.Avalonia\DiskChecker.UI.Avalonia.csproj]
D:\DiskChecker\DiskChecker.UI.Avalonia\ViewModels\SettingsViewModel.cs(131,16): error CS0246: Typ nebo n├ízev oboru n├ízv┼» BackupInfo se nena┼íel. (Nechyb├ş direktiva using nebo odkaz na sestaven├ş?) [D:\DiskChecker\DiskChecker.UI.Avalonia\DiskChecker.UI.Avalonia.csproj]
D:\DiskChecker\DiskChecker.UI.Avalonia\ViewModels\SettingsViewModel.cs(130,17): error CS0246: Typ nebo n├ízev oboru n├ízv┼» BackupInfo se nena┼íel. (Nechyb├ş direktiva using nebo odkaz na sestaven├ş?) [D:\DiskChecker\DiskChecker.UI.Avalonia\DiskChecker.UI.Avalonia.csproj]
D:\DiskChecker\DiskChecker.UI.WPF\ViewModels\SurfaceTest\SurfaceTestViewModel.ProgressHandling.cs(96,32): error CS1002: O─Źek├íval se st┼Öedn├şk (;). [D:\DiskChecker\DiskChecker.UI.WPF\DiskChecker.UI.WPF_2nig0h5d_wpftmp.csproj]
D:\DiskChecker\DiskChecker.UI.WPF\ViewModels\SurfaceTest\SurfaceTestViewModel.ProgressHandling.cs(96,35): error CS1056: Neo─Źek├ívan├Ż znak ´┐Ż [D:\DiskChecker\DiskChecker.UI.WPF\DiskChecker.UI.WPF_2nig0h5d_wpftmp.csproj]
D:\DiskChecker\DiskChecker.UI.WPF\ViewModels\SurfaceTest\SurfaceTestViewModel.ProgressHandling.cs(96,37): error CS1002: O─Źek├íval se st┼Öedn├şk (;). [D:\DiskChecker\DiskChecker.UI.WPF\DiskChecker.UI.WPF_2nig0h5d_wpftmp.csproj]
D:\DiskChecker\DiskChecker.UI.WPF\ViewModels\SurfaceTest\SurfaceTestViewModel.ProgressHandling.cs(96,40): error CS1002: O─Źek├íval se st┼Öedn├şk (;). [D:\DiskChecker\DiskChecker.UI.WPF\DiskChecker.UI.WPF_2nig0h5d_wpftmp.csproj]
D:\DiskChecker\DiskChecker.UI.WPF\ViewModels\SurfaceTest\SurfaceTestViewModel.ProgressHandling.cs(96,43): error CS1002: O─Źek├íval se st┼Öedn├şk (;). [D:\DiskChecker\DiskChecker.UI.WPF\DiskChecker.UI.WPF_2nig0h5d_wpftmp.csproj]
D:\DiskChecker\DiskChecker.UI.WPF\ViewModels\SurfaceTest\SurfaceTestViewModel.ProgressHandling.cs(96,43): error CS1513: O─Źek├íval se znak }. [D:\DiskChecker\DiskChecker.UI.WPF\DiskChecker.UI.WPF_2nig0h5d_wpftmp.csproj]
D:\DiskChecker\DiskChecker.UI.WPF\ViewModels\SurfaceTest\SurfaceTestViewModel.ProgressHandling.cs(96,46): error CS1002: O─Źek├íval se st┼Öedn├şk (;). [D:\DiskChecker\DiskChecker.UI.WPF\DiskChecker.UI.WPF_2nig0h5d_wpftmp.csproj]
D:\DiskChecker\DiskChecker.UI.WPF\ViewModels\SurfaceTest\SurfaceTestViewModel.ProgressHandling.cs(96,46): error CS1056: Neo─Źek├ívan├Ż znak ´┐Ż [D:\DiskChecker\DiskChecker.UI.WPF\DiskChecker.UI.WPF_2nig0h5d_wpftmp.csproj]
D:\DiskChecker\DiskChecker.UI.WPF\ViewModels\SurfaceTest\SurfaceTestViewModel.ProgressHandling.cs(96,47): error CS1056: Neo─Źek├ívan├Ż znak ´┐Ż [D:\DiskChecker\DiskChecker.UI.WPF\DiskChecker.UI.WPF_2nig0h5d_wpftmp.csproj]
D:\DiskChecker\DiskChecker.UI.WPF\ViewModels\SurfaceTest\SurfaceTestViewModel.ProgressHandling.cs(96,57): error CS1026: O─Źek├ív├í se ). [D:\DiskChecker\DiskChecker.UI.WPF\DiskChecker.UI.WPF_2nig0h5d_wpftmp.csproj]
D:\DiskChecker\DiskChecker.UI.WPF\ViewModels\SurfaceTest\SurfaceTestViewModel.ProgressHandling.cs(96,82): error CS1002: O─Źek├íval se st┼Öedn├şk (;). [D:\DiskChecker\DiskChecker.UI.WPF\DiskChecker.UI.WPF_2nig0h5d_wpftmp.csproj]
D:\DiskChecker\DiskChecker.UI.WPF\ViewModels\SurfaceTest\SurfaceTestViewModel.ProgressHandling.cs(96,82): error CS1513: O─Źek├íval se znak }. [D:\DiskChecker\DiskChecker.UI.WPF\DiskChecker.UI.WPF_2nig0h5d_wpftmp.csproj]
D:\DiskChecker\DiskChecker.UI.WPF\ViewModels\SurfaceTest\SurfaceTestViewModel.ProgressHandling.cs(96,85): error CS1002: O─Źek├íval se st┼Öedn├şk (;). [D:\DiskChecker\DiskChecker.UI.WPF\DiskChecker.UI.WPF_2nig0h5d_wpftmp.csproj]
D:\DiskChecker\DiskChecker.UI.WPF\ViewModels\SurfaceTest\SurfaceTestViewModel.ProgressHandling.cs(96,87): error CS1525: Neplatn├Ż v├Żraz % [D:\DiskChecker\DiskChecker.UI.WPF\DiskChecker.UI.WPF_2nig0h5d_wpftmp.csproj]
D:\DiskChecker\DiskChecker.UI.WPF\ViewModels\SurfaceTest\SurfaceTestViewModel.ProgressHandling.cs(96,88): error CS1525: Neplatn├Ż v├Żraz ) [D:\DiskChecker\DiskChecker.UI.WPF\DiskChecker.UI.WPF_2nig0h5d_wpftmp.csproj]
D:\DiskChecker\DiskChecker.UI.WPF\ViewModels\SurfaceTest\SurfaceTestViewModel.ProgressHandling.cs(96,88): error CS1002: O─Źek├íval se st┼Öedn├şk (;). [D:\DiskChecker\DiskChecker.UI.WPF\DiskChecker.UI.WPF_2nig0h5d_wpftmp.csproj]
D:\DiskChecker\DiskChecker.UI.WPF\ViewModels\SurfaceTest\SurfaceTestViewModel.ProgressHandling.cs(96,88): error CS1513: O─Źek├íval se znak }. [D:\DiskChecker\DiskChecker.UI.WPF\DiskChecker.UI.WPF_2nig0h5d_wpftmp.csproj]
D:\DiskChecker\DiskChecker.UI.WPF\ViewModels\SurfaceTest\SurfaceTestViewModel.ProgressHandling.cs(96,90): error CS1056: Neo─Źek├ívan├Ż znak ´┐Ż [D:\DiskChecker\DiskChecker.UI.WPF\DiskChecker.UI.WPF_2nig0h5d_wpftmp.csproj]
D:\DiskChecker\DiskChecker.UI.WPF\ViewModels\SurfaceTest\SurfaceTestViewModel.ProgressHandling.cs(96,92): error CS1056: Neo─Źek├ívan├Ż znak ´┐Ż [D:\DiskChecker\DiskChecker.UI.WPF\DiskChecker.UI.WPF_2nig0h5d_wpftmp.csproj]
D:\DiskChecker\DiskChecker.UI.WPF\ViewModels\SurfaceTest\SurfaceTestViewModel.ProgressHandling.cs(96,98): error CS1002: O─Źek├íval se st┼Öedn├şk (;). [D:\DiskChecker\DiskChecker.UI.WPF\DiskChecker.UI.WPF_2nig0h5d_wpftmp.csproj]
D:\DiskChecker\DiskChecker.UI.WPF\ViewModels\SurfaceTest\SurfaceTestViewModel.ProgressHandling.cs(96,98): error CS1056: Neo─Źek├ívan├Ż znak ´┐Ż [D:\DiskChecker\DiskChecker.UI.WPF\DiskChecker.UI.WPF_2nig0h5d_wpftmp.csproj]
D:\DiskChecker\DiskChecker.UI.WPF\ViewModels\SurfaceTest\SurfaceTestViewModel.ProgressHandling.cs(96,99): error CS1056: Neo─Źek├ívan├Ż znak ´┐Ż [D:\DiskChecker\DiskChecker.UI.WPF\DiskChecker.UI.WPF_2nig0h5d_wpftmp.csproj]
D:\DiskChecker\DiskChecker.UI.WPF\ViewModels\SurfaceTest\SurfaceTestViewModel.ProgressHandling.cs(96,103): error CS1002: O─Źek├íval se st┼Öedn├şk (;). [D:\DiskChecker\DiskChecker.UI.WPF\DiskChecker.UI.WPF_2nig0h5d_wpftmp.csproj]
D:\DiskChecker\DiskChecker.UI.WPF\ViewModels\SurfaceTest\SurfaceTestViewModel.ProgressHandling.cs(96,136): error CS1002: O─Źek├íval se st┼Öedn├şk (;). [D:\DiskChecker\DiskChecker.UI.WPF\DiskChecker.UI.WPF_2nig0h5d_wpftmp.csproj]
D:\DiskChecker\DiskChecker.UI.WPF\ViewModels\SurfaceTest\SurfaceTestViewModel.ProgressHandling.cs(96,138): error CS1525: Neplatn├Ż v├Żraz / [D:\DiskChecker\DiskChecker.UI.WPF\DiskChecker.UI.WPF_2nig0h5d_wpftmp.csproj]
D:\DiskChecker\DiskChecker.UI.WPF\ViewModels\SurfaceTest\SurfaceTestViewModel.ProgressHandling.cs(96,140): error CS1525: Neplatn├Ż v├Żraz { [D:\DiskChecker\DiskChecker.UI.WPF\DiskChecker.UI.WPF_2nig0h5d_wpftmp.csproj]
D:\DiskChecker\DiskChecker.UI.WPF\ViewModels\SurfaceTest\SurfaceTestViewModel.ProgressHandling.cs(96,140): error CS1002: O─Źek├íval se st┼Öedn├şk (;). [D:\DiskChecker\DiskChecker.UI.WPF\DiskChecker.UI.WPF_2nig0h5d_wpftmp.csproj]
D:\DiskChecker\DiskChecker.UI.WPF\ViewModels\SurfaceTest\SurfaceTestViewModel.ProgressHandling.cs(96,164): error CS1002: O─Źek├íval se st┼Öedn├şk (;). [D:\DiskChecker\DiskChecker.UI.WPF\DiskChecker.UI.WPF_2nig0h5d_wpftmp.csproj]
D:\DiskChecker\DiskChecker.UI.WPF\ViewModels\SurfaceTest\SurfaceTestViewModel.ProgressHandling.cs(96,165): error CS1010: Konstanta obsahuje znak nov├ęho ┼Ö├ídku. [D:\DiskChecker\DiskChecker.UI.WPF\DiskChecker.UI.WPF_2nig0h5d_wpftmp.csproj]
D:\DiskChecker\DiskChecker.UI.WPF\ViewModels\SurfaceTest\SurfaceTestViewModel.ProgressHandling.cs(96,167): error CS1002: O─Źek├íval se st┼Öedn├şk (;). [D:\DiskChecker\DiskChecker.UI.WPF\DiskChecker.UI.WPF_2nig0h5d_wpftmp.csproj]
D:\DiskChecker\DiskChecker.UI.WPF\ViewModels\SurfaceTest\SurfaceTestViewModel.ProgressHandling.cs(97,11): error CS8641: P┼Ö├şkaz nem┼»┼że za─Ź├şnat na else. [D:\DiskChecker\DiskChecker.UI.WPF\DiskChecker.UI.WPF_2nig0h5d_wpftmp.csproj]
D:\DiskChecker\DiskChecker.UI.WPF\ViewModels\SurfaceTest\SurfaceTestViewModel.ProgressHandling.cs(97,11): error CS1003: Chyba syntaxe; o─Źek├ív├ína hodnota: ( [D:\DiskChecker\DiskChecker.UI.WPF\DiskChecker.UI.WPF_2nig0h5d_wpftmp.csproj]
D:\DiskChecker\DiskChecker.UI.WPF\ViewModels\SurfaceTest\SurfaceTestViewModel.ProgressHandling.cs(97,11): error CS1525: Neplatn├Ż v├Żraz else [D:\DiskChecker\DiskChecker.UI.WPF\DiskChecker.UI.WPF_2nig0h5d_wpftmp.csproj]
D:\DiskChecker\DiskChecker.UI.WPF\ViewModels\SurfaceTest\SurfaceTestViewModel.ProgressHandling.cs(97,11): error CS1026: O─Źek├ív├í se ). [D:\DiskChecker\DiskChecker.UI.WPF\DiskChecker.UI.WPF_2nig0h5d_wpftmp.csproj]
D:\DiskChecker\DiskChecker.UI.WPF\ViewModels\SurfaceTest\SurfaceTestViewModel.ProgressHandling.cs(97,11): error CS1002: O─Źek├íval se st┼Öedn├şk (;). [D:\DiskChecker\DiskChecker.UI.WPF\DiskChecker.UI.WPF_2nig0h5d_wpftmp.csproj]
D:\DiskChecker\DiskChecker.UI.WPF\ViewModels\SurfaceTest\SurfaceTestViewModel.ProgressHandling.cs(121,7): error CS1519: Invalid token 'finally' in a member declaration [D:\DiskChecker\DiskChecker.UI.WPF\DiskChecker.UI.WPF_2nig0h5d_wpftmp.csproj]
D:\DiskChecker\DiskChecker.UI.WPF\ViewModels\SurfaceTest\SurfaceTestViewModel.ProgressHandling.cs(123,24): error CS1519: Invalid token '=' in a member declaration [D:\DiskChecker\DiskChecker.UI.WPF\DiskChecker.UI.WPF_2nig0h5d_wpftmp.csproj]
D:\DiskChecker\DiskChecker.UI.WPF\ViewModels\SurfaceTest\SurfaceTestViewModel.ProgressHandling.cs(125,4): error CS1022: O─Źek├ívala se definice typu nebo oboru n├ízv┼», nebo konec souboru. [D:\DiskChecker\DiskChecker.UI.WPF\DiskChecker.UI.WPF_2nig0h5d_wpftmp.csproj]
D:\DiskChecker\DiskChecker.UI.WPF\ViewModels\SurfaceTest\SurfaceTestViewModel.ProgressHandling.cs(131,5): error CS8803: P┼Ö├şkazy nejvy┼í┼í├ş ├║rovn─Ť se mus├ş nach├ízet p┼Öed obory n├ízv┼» a deklaracemi typ┼». [D:\DiskChecker\DiskChecker.UI.WPF\DiskChecker.UI.WPF_2nig0h5d_wpftmp.csproj]
D:\DiskChecker\DiskChecker.UI.WPF\ViewModels\SurfaceTest\SurfaceTestViewModel.ProgressHandling.cs(131,5): error CS0106: Modifik├ítor private nen├ş pro tuto polo┼żku platn├Ż. [D:\DiskChecker\DiskChecker.UI.WPF\DiskChecker.UI.WPF_2nig0h5d_wpftmp.csproj]
D:\DiskChecker\DiskChecker.UI.WPF\ViewModels\SurfaceTest\SurfaceTestViewModel.ProgressHandling.cs(201,1): error CS1022: O─Źek├ívala se definice typu nebo oboru n├ízv┼», nebo konec souboru. [D:\DiskChecker\DiskChecker.UI.WPF\DiskChecker.UI.WPF_2nig0h5d_wpftmp.csproj]

Sestaven├ş SE NEZDA┼śILO.

D:\DiskChecker\DiskChecker.UI\Console\Pages\MainConsoleMenu.cs(1391,44): error CS0246: Typ nebo n├ízev oboru n├ízv┼» CompareItem se nena┼íel. (Nechyb├ş direktiva using nebo odkaz na sestaven├ş?) [D:\DiskChecker\DiskChecker.UI\DiskChecker.UI.csproj]
D:\DiskChecker\DiskChecker.UI\Console\Pages\MainConsoleMenu.cs(1391,75): error CS0246: Typ nebo n├ízev oboru n├ízv┼» DriveCompareItem se nena┼íel. (Nechyb├ş direktiva using nebo odkaz na sestaven├ş?) [D:\DiskChecker\DiskChecker.UI\DiskChecker.UI.csproj]
D:\DiskChecker\DiskChecker.UI\Console\Pages\MainConsoleMenu.cs(1561,56): error CS0246: Typ nebo n├ízev oboru n├ízv┼» DriveCompareItem se nena┼íel. (Nechyb├ş direktiva using nebo odkaz na sestaven├ş?) [D:\DiskChecker\DiskChecker.UI\DiskChecker.UI.csproj]
D:\DiskChecker\DiskChecker.UI.Avalonia\Services\BackupService.cs(222,35): error CS0246: Typ nebo n├ízev oboru n├ízv┼» BackupInfo se nena┼íel. (Nechyb├ş direktiva using nebo odkaz na sestaven├ş?) [D:\DiskChecker\DiskChecker.UI.Avalonia\DiskChecker.UI.Avalonia.csproj]
D:\DiskChecker\DiskChecker.UI.Avalonia\Services\BackupService.cs(14,30): error CS0738: BackupService neimplementuje ─Źlen rozhran├ş IBackupService.RestoreBackupAsync(string). BackupService.RestoreBackupAsync(string) nem┼»┼że implementovat ─Źlen IBackupService.RestoreBackupAsync(string), proto┼że nem├í odpov├şdaj├şc├ş n├ívratov├Ż typ Task. [D:\DiskChecker\DiskChecker.UI.Avalonia\DiskChecker.UI.Avalonia.csproj]
D:\DiskChecker\DiskChecker.UI.Avalonia\Services\BackupService.cs(14,30): error CS0738: BackupService neimplementuje ─Źlen rozhran├ş IBackupService.GetAvailableBackupsAsync(). BackupService.GetAvailableBackupsAsync() nem┼»┼że implementovat ─Źlen IBackupService.GetAvailableBackupsAsync(), proto┼że nem├í odpov├şdaj├şc├ş n├ívratov├Ż typ Task<IEnumerable<string>>. [D:\DiskChecker\DiskChecker.UI.Avalonia\DiskChecker.UI.Avalonia.csproj]
D:\DiskChecker\DiskChecker.UI.Avalonia\Services\BackupService.cs(14,30): error CS0535: BackupService neimplementuje ─Źlen rozhran├ş IBackupService.DeleteBackupAsync(string). [D:\DiskChecker\DiskChecker.UI.Avalonia\DiskChecker.UI.Avalonia.csproj]
D:\DiskChecker\DiskChecker.UI.Avalonia\ViewModels\SettingsViewModel.cs(131,16): error CS0246: Typ nebo n├ízev oboru n├ízv┼» BackupInfo se nena┼íel. (Nechyb├ş direktiva using nebo odkaz na sestaven├ş?) [D:\DiskChecker\DiskChecker.UI.Avalonia\DiskChecker.UI.Avalonia.csproj]
D:\DiskChecker\DiskChecker.UI.Avalonia\ViewModels\SettingsViewModel.cs(130,17): error CS0246: Typ nebo n├ízev oboru n├ízv┼» BackupInfo se nena┼íel. (Nechyb├ş direktiva using nebo odkaz na sestaven├ş?) [D:\DiskChecker\DiskChecker.UI.Avalonia\DiskChecker.UI.Avalonia.csproj]
D:\DiskChecker\DiskChecker.UI.WPF\ViewModels\SurfaceTest\SurfaceTestViewModel.ProgressHandling.cs(96,32): error CS1002: O─Źek├íval se st┼Öedn├şk (;). [D:\DiskChecker\DiskChecker.UI.WPF\DiskChecker.UI.WPF_2nig0h5d_wpftmp.csproj]
D:\DiskChecker\DiskChecker.UI.WPF\ViewModels\SurfaceTest\SurfaceTestViewModel.ProgressHandling.cs(96,35): error CS1056: Neo─Źek├ívan├Ż znak ´┐Ż [D:\DiskChecker\DiskChecker.UI.WPF\DiskChecker.UI.WPF_2nig0h5d_wpftmp.csproj]
D:\DiskChecker\DiskChecker.UI.WPF\ViewModels\SurfaceTest\SurfaceTestViewModel.ProgressHandling.cs(96,37): error CS1002: O─Źek├íval se st┼Öedn├şk (;). [D:\DiskChecker\DiskChecker.UI.WPF\DiskChecker.UI.WPF_2nig0h5d_wpftmp.csproj]
D:\DiskChecker\DiskChecker.UI.WPF\ViewModels\SurfaceTest\SurfaceTestViewModel.ProgressHandling.cs(96,40): error CS1002: O─Źek├íval se st┼Öedn├şk (;). [D:\DiskChecker\DiskChecker.UI.WPF\DiskChecker.UI.WPF_2nig0h5d_wpftmp.csproj]
D:\DiskChecker\DiskChecker.UI.WPF\ViewModels\SurfaceTest\SurfaceTestViewModel.ProgressHandling.cs(96,43): error CS1002: O─Źek├íval se st┼Öedn├şk (;). [D:\DiskChecker\DiskChecker.UI.WPF\DiskChecker.UI.WPF_2nig0h5d_wpftmp.csproj]
D:\DiskChecker\DiskChecker.UI.WPF\ViewModels\SurfaceTest\SurfaceTestViewModel.ProgressHandling.cs(96,43): error CS1513: O─Źek├íval se znak }. [D:\DiskChecker\DiskChecker.UI.WPF\DiskChecker.UI.WPF_2nig0h5d_wpftmp.csproj]
D:\DiskChecker\DiskChecker.UI.WPF\ViewModels\SurfaceTest\SurfaceTestViewModel.ProgressHandling.cs(96,46): error CS1002: O─Źek├íval se st┼Öedn├şk (;). [D:\DiskChecker\DiskChecker.UI.WPF\DiskChecker.UI.WPF_2nig0h5d_wpftmp.csproj]
D:\DiskChecker\DiskChecker.UI.WPF\ViewModels\SurfaceTest\SurfaceTestViewModel.ProgressHandling.cs(96,46): error CS1056: Neo─Źek├ívan├Ż znak ´┐Ż [D:\DiskChecker\DiskChecker.UI.WPF\DiskChecker.UI.WPF_2nig0h5d_wpftmp.csproj]
D:\DiskChecker\DiskChecker.UI.WPF\ViewModels\SurfaceTest\SurfaceTestViewModel.ProgressHandling.cs(96,47): error CS1056: Neo─Źek├ívan├Ż znak ´┐Ż [D:\DiskChecker\DiskChecker.UI.WPF\DiskChecker.UI.WPF_2nig0h5d_wpftmp.csproj]
D:\DiskChecker\DiskChecker.UI.WPF\ViewModels\SurfaceTest\SurfaceTestViewModel.ProgressHandling.cs(96,57): error CS1026: O─Źek├ív├í se ). [D:\DiskChecker\DiskChecker.UI.WPF\DiskChecker.UI.WPF_2nig0h5d_wpftmp.csproj]
D:\DiskChecker\DiskChecker.UI.WPF\ViewModels\SurfaceTest\SurfaceTestViewModel.ProgressHandling.cs(96,82): error CS1002: O─Źek├íval se st┼Öedn├şk (;). [D:\DiskChecker\DiskChecker.UI.WPF\DiskChecker.UI.WPF_2nig0h5d_wpftmp.csproj]
D:\DiskChecker\DiskChecker.UI.WPF\ViewModels\SurfaceTest\SurfaceTestViewModel.ProgressHandling.cs(96,82): error CS1513: O─Źek├íval se znak }. [D:\DiskChecker\DiskChecker.UI.WPF\DiskChecker.UI.WPF_2nig0h5d_wpftmp.csproj]
D:\DiskChecker\DiskChecker.UI.WPF\ViewModels\SurfaceTest\SurfaceTestViewModel.ProgressHandling.cs(96,85): error CS1002: O─Źek├íval se st┼Öedn├şk (;). [D:\DiskChecker\DiskChecker.UI.WPF\DiskChecker.UI.WPF_2nig0h5d_wpftmp.csproj]
D:\DiskChecker\DiskChecker.UI.WPF\ViewModels\SurfaceTest\SurfaceTestViewModel.ProgressHandling.cs(96,87): error CS1525: Neplatn├Ż v├Żraz % [D:\DiskChecker\DiskChecker.UI.WPF\DiskChecker.UI.WPF_2nig0h5d_wpftmp.csproj]
D:\DiskChecker\DiskChecker.UI.WPF\ViewModels\SurfaceTest\SurfaceTestViewModel.ProgressHandling.cs(96,88): error CS1525: Neplatn├Ż v├Żraz ) [D:\DiskChecker\DiskChecker.UI.WPF\DiskChecker.UI.WPF_2nig0h5d_wpftmp.csproj]
D:\DiskChecker\DiskChecker.UI.WPF\ViewModels\SurfaceTest\SurfaceTestViewModel.ProgressHandling.cs(96,88): error CS1002: O─Źek├íval se st┼Öedn├şk (;). [D:\DiskChecker\DiskChecker.UI.WPF\DiskChecker.UI.WPF_2nig0h5d_wpftmp.csproj]
D:\DiskChecker\DiskChecker.UI.WPF\ViewModels\SurfaceTest\SurfaceTestViewModel.ProgressHandling.cs(96,88): error CS1513: O─Źek├íval se znak }. [D:\DiskChecker\DiskChecker.UI.WPF\DiskChecker.UI.WPF_2nig0h5d_wpftmp.csproj]
D:\DiskChecker\DiskChecker.UI.WPF\ViewModels\SurfaceTest\SurfaceTestViewModel.ProgressHandling.cs(96,90): error CS1056: Neo─Źek├ívan├Ż znak ´┐Ż [D:\DiskChecker\DiskChecker.UI.WPF\DiskChecker.UI.WPF_2nig0h5d_wpftmp.csproj]
D:\DiskChecker\DiskChecker.UI.WPF\ViewModels\SurfaceTest\SurfaceTestViewModel.ProgressHandling.cs(96,92): error CS1056: Neo─Źek├ívan├Ż znak ´┐Ż [D:\DiskChecker\DiskChecker.UI.WPF\DiskChecker.UI.WPF_2nig0h5d_wpftmp.csproj]
D:\DiskChecker\DiskChecker.UI.WPF\ViewModels\SurfaceTest\SurfaceTestViewModel.ProgressHandling.cs(96,98): error CS1002: O─Źek├íval se st┼Öedn├şk (;). [D:\DiskChecker\DiskChecker.UI.WPF\DiskChecker.UI.WPF_2nig0h5d_wpftmp.csproj]
D:\DiskChecker\DiskChecker.UI.WPF\ViewModels\SurfaceTest\SurfaceTestViewModel.ProgressHandling.cs(96,98): error CS1056: Neo─Źek├ívan├Ż znak ´┐Ż [D:\DiskChecker\DiskChecker.UI.WPF\DiskChecker.UI.WPF_2nig0h5d_wpftmp.csproj]
D:\DiskChecker\DiskChecker.UI.WPF\ViewModels\SurfaceTest\SurfaceTestViewModel.ProgressHandling.cs(96,99): error CS1056: Neo─Źek├ívan├Ż znak ´┐Ż [D:\DiskChecker\DiskChecker.UI.WPF\DiskChecker.UI.WPF_2nig0h5d_wpftmp.csproj]
D:\DiskChecker\DiskChecker.UI.WPF\ViewModels\SurfaceTest\SurfaceTestViewModel.ProgressHandling.cs(96,103): error CS1002: O─Źek├íval se st┼Öedn├şk (;). [D:\DiskChecker\DiskChecker.UI.WPF\DiskChecker.UI.WPF_2nig0h5d_wpftmp.csproj]
D:\DiskChecker\DiskChecker.UI.WPF\ViewModels\SurfaceTest\SurfaceTestViewModel.ProgressHandling.cs(96,136): error CS1002: O─Źek├íval se st┼Öedn├şk (;). [D:\DiskChecker\DiskChecker.UI.WPF\DiskChecker.UI.WPF_2nig0h5d_wpftmp.csproj]
D:\DiskChecker\DiskChecker.UI.WPF\ViewModels\SurfaceTest\SurfaceTestViewModel.ProgressHandling.cs(96,138): error CS1525: Neplatn├Ż v├Żraz / [D:\DiskChecker\DiskChecker.UI.WPF\DiskChecker.UI.WPF_2nig0h5d_wpftmp.csproj]
D:\DiskChecker\DiskChecker.UI.WPF\ViewModels\SurfaceTest\SurfaceTestViewModel.ProgressHandling.cs(96,140): error CS1525: Neplatn├Ż v├Żraz { [D:\DiskChecker\DiskChecker.UI.WPF\DiskChecker.UI.WPF_2nig0h5d_wpftmp.csproj]
D:\DiskChecker\DiskChecker.UI.WPF\ViewModels\SurfaceTest\SurfaceTestViewModel.ProgressHandling.cs(96,140): error CS1002: O─Źek├íval se st┼Öedn├şk (;). [D:\DiskChecker\DiskChecker.UI.WPF\DiskChecker.UI.WPF_2nig0h5d_wpftmp.csproj]
D:\DiskChecker\DiskChecker.UI.WPF\ViewModels\SurfaceTest\SurfaceTestViewModel.ProgressHandling.cs(96,164): error CS1002: O─Źek├íval se st┼Öedn├şk (;). [D:\DiskChecker\DiskChecker.UI.WPF\DiskChecker.UI.WPF_2nig0h5d_wpftmp.csproj]
D:\DiskChecker\DiskChecker.UI.WPF\ViewModels\SurfaceTest\SurfaceTestViewModel.ProgressHandling.cs(96,165): error CS1010: Konstanta obsahuje znak nov├ęho ┼Ö├ídku. [D:\DiskChecker\DiskChecker.UI.WPF\DiskChecker.UI.WPF_2nig0h5d_wpftmp.csproj]
D:\DiskChecker\DiskChecker.UI.WPF\ViewModels\SurfaceTest\SurfaceTestViewModel.ProgressHandling.cs(96,167): error CS1002: O─Źek├íval se st┼Öedn├şk (;). [D:\DiskChecker\DiskChecker.UI.WPF\DiskChecker.UI.WPF_2nig0h5d_wpftmp.csproj]
D:\DiskChecker\DiskChecker.UI.WPF\ViewModels\SurfaceTest\SurfaceTestViewModel.ProgressHandling.cs(97,11): error CS8641: P┼Ö├şkaz nem┼»┼że za─Ź├şnat na else. [D:\DiskChecker\DiskChecker.UI.WPF\DiskChecker.UI.WPF_2nig0h5d_wpftmp.csproj]
D:\DiskChecker\DiskChecker.UI.WPF\ViewModels\SurfaceTest\SurfaceTestViewModel.ProgressHandling.cs(97,11): error CS1003: Chyba syntaxe; o─Źek├ív├ína hodnota: ( [D:\DiskChecker\DiskChecker.UI.WPF\DiskChecker.UI.WPF_2nig0h5d_wpftmp.csproj]
D:\DiskChecker\DiskChecker.UI.WPF\ViewModels\SurfaceTest\SurfaceTestViewModel.ProgressHandling.cs(97,11): error CS1525: Neplatn├Ż v├Żraz else [D:\DiskChecker\DiskChecker.UI.WPF\DiskChecker.UI.WPF_2nig0h5d_wpftmp.csproj]
D:\DiskChecker\DiskChecker.UI.WPF\ViewModels\SurfaceTest\SurfaceTestViewModel.ProgressHandling.cs(97,11): error CS1026: O─Źek├ív├í se ). [D:\DiskChecker\DiskChecker.UI.WPF\DiskChecker.UI.WPF_2nig0h5d_wpftmp.csproj]
D:\DiskChecker\DiskChecker.UI.WPF\ViewModels\SurfaceTest\SurfaceTestViewModel.ProgressHandling.cs(97,11): error CS1002: O─Źek├íval se st┼Öedn├şk (;). [D:\DiskChecker\DiskChecker.UI.WPF\DiskChecker.UI.WPF_2nig0h5d_wpftmp.csproj]
D:\DiskChecker\DiskChecker.UI.WPF\ViewModels\SurfaceTest\SurfaceTestViewModel.ProgressHandling.cs(121,7): error CS1519: Invalid token 'finally' in a member declaration [D:\DiskChecker\DiskChecker.UI.WPF\DiskChecker.UI.WPF_2nig0h5d_wpftmp.csproj]
D:\DiskChecker\DiskChecker.UI.WPF\ViewModels\SurfaceTest\SurfaceTestViewModel.ProgressHandling.cs(123,24): error CS1519: Invalid token '=' in a member declaration [D:\DiskChecker\DiskChecker.UI.WPF\DiskChecker.UI.WPF_2nig0h5d_wpftmp.csproj]
D:\DiskChecker\DiskChecker.UI.WPF\ViewModels\SurfaceTest\SurfaceTestViewModel.ProgressHandling.cs(125,4): error CS1022: O─Źek├ívala se definice typu nebo oboru n├ízv┼», nebo konec souboru. [D:\DiskChecker\DiskChecker.UI.WPF\DiskChecker.UI.WPF_2nig0h5d_wpftmp.csproj]
D:\DiskChecker\DiskChecker.UI.WPF\ViewModels\SurfaceTest\SurfaceTestViewModel.ProgressHandling.cs(131,5): error CS8803: P┼Ö├şkazy nejvy┼í┼í├ş ├║rovn─Ť se mus├ş nach├ízet p┼Öed obory n├ízv┼» a deklaracemi typ┼». [D:\DiskChecker\DiskChecker.UI.WPF\DiskChecker.UI.WPF_2nig0h5d_wpftmp.csproj]
D:\DiskChecker\DiskChecker.UI.WPF\ViewModels\SurfaceTest\SurfaceTestViewModel.ProgressHandling.cs(131,5): error CS0106: Modifik├ítor private nen├ş pro tuto polo┼żku platn├Ż. [D:\DiskChecker\DiskChecker.UI.WPF\DiskChecker.UI.WPF_2nig0h5d_wpftmp.csproj]
D:\DiskChecker\DiskChecker.UI.WPF\ViewModels\SurfaceTest\SurfaceTestViewModel.ProgressHandling.cs(201,1): error CS1022: O─Źek├ívala se definice typu nebo oboru n├ízv┼», nebo konec souboru. [D:\DiskChecker\DiskChecker.UI.WPF\DiskChecker.UI.WPF_2nig0h5d_wpftmp.csproj]
    0 upozorn─Ťn├ş
    Po─Źet chyb: 50

Uplynul├Ż ─Źas 00:00:04.75
