  Zji┼í┼ąuj├ş se projekty, kter├ę se maj├ş obnovit...
  V┼íechny projekty jsou v aktu├íln├şm stavu pro obnoven├ş.
C:\Program Files\dotnet\sdk\10.0.200-preview.0.26103.119\Sdks\Microsoft.NET.Sdk\targets\Microsoft.NET.RuntimeIdentifierInference.targets(383,5): message NETSDK1057: Pou┼ż├şv├íte verzi Preview rozhran├ş .NET. Viz: https://aka.ms/dotnet-support-policy [D:\DiskChecker\DiskChecker.UI\DiskChecker.UI.csproj]
C:\Program Files\dotnet\sdk\10.0.200-preview.0.26103.119\Sdks\Microsoft.NET.Sdk\targets\Microsoft.NET.RuntimeIdentifierInference.targets(383,5): message NETSDK1057: Pou┼ż├şv├íte verzi Preview rozhran├ş .NET. Viz: https://aka.ms/dotnet-support-policy [D:\DiskChecker\DiskChecker.Core\DiskChecker.Core.csproj]
C:\Program Files\dotnet\sdk\10.0.200-preview.0.26103.119\Sdks\Microsoft.NET.Sdk\targets\Microsoft.NET.RuntimeIdentifierInference.targets(383,5): message NETSDK1057: Pou┼ż├şv├íte verzi Preview rozhran├ş .NET. Viz: https://aka.ms/dotnet-support-policy [D:\DiskChecker\DiskChecker.UI.WPF\DiskChecker.UI.WPF.csproj]
C:\Program Files\dotnet\sdk\10.0.200-preview.0.26103.119\Sdks\Microsoft.NET.Sdk\targets\Microsoft.NET.RuntimeIdentifierInference.targets(383,5): message NETSDK1057: Pou┼ż├şv├íte verzi Preview rozhran├ş .NET. Viz: https://aka.ms/dotnet-support-policy [D:\DiskChecker\DiskChecker.UI.Avalonia\DiskChecker.UI.Avalonia.csproj]
C:\Program Files\dotnet\sdk\10.0.200-preview.0.26103.119\Sdks\Microsoft.NET.Sdk\targets\Microsoft.NET.RuntimeIdentifierInference.targets(383,5): message NETSDK1057: Pou┼ż├şv├íte verzi Preview rozhran├ş .NET. Viz: https://aka.ms/dotnet-support-policy [D:\DiskChecker\DiskChecker.Infrastructure\DiskChecker.Infrastructure.csproj]
C:\Program Files\dotnet\sdk\10.0.200-preview.0.26103.119\Sdks\Microsoft.NET.Sdk\targets\Microsoft.NET.RuntimeIdentifierInference.targets(383,5): message NETSDK1057: Pou┼ż├şv├íte verzi Preview rozhran├ş .NET. Viz: https://aka.ms/dotnet-support-policy [D:\DiskChecker\DiskChecker.Application\DiskChecker.Application.csproj]
  DiskChecker.Core -> D:\DiskChecker\DiskChecker.Core\bin\Debug\net10.0\DiskChecker.Core.dll
D:\DiskChecker\DiskChecker.Infrastructure\Hardware\WindowsSmartJsonParser.cs(32,42): error CS0029: Typ int nejde implicitn─Ť p┼Öev├ęst na typ string. [D:\DiskChecker\DiskChecker.Infrastructure\DiskChecker.Infrastructure.csproj]
D:\DiskChecker\DiskChecker.Infrastructure\Hardware\DiskSurfaceTestExecutor.cs(137,59): error CS1061: string neobsahuje definici pro ToSafeString a nena┼íla se ┼ż├ídn├í dostupn├í metoda roz┼í├ş┼Öen├ş ToSafeString, kter├í by p┼Öij├şmala prvn├ş argument typu string. (Nechyb├ş direktiva using nebo odkaz na sestaven├ş?) [D:\DiskChecker\DiskChecker.Infrastructure\DiskChecker.Infrastructure.csproj]
D:\DiskChecker\DiskChecker.Infrastructure\Hardware\DiskSurfaceTestExecutor.cs(139,86): error CS1061: string neobsahuje definici pro ToSafeString a nena┼íla se ┼ż├ídn├í dostupn├í metoda roz┼í├ş┼Öen├ş ToSafeString, kter├í by p┼Öij├şmala prvn├ş argument typu string. (Nechyb├ş direktiva using nebo odkaz na sestaven├ş?) [D:\DiskChecker\DiskChecker.Infrastructure\DiskChecker.Infrastructure.csproj]
D:\DiskChecker\DiskChecker.Infrastructure\Hardware\LinuxSmartaProvider.cs(320,25): error CS1061: SmartCheckResult neobsahuje definici pro Temperature a nena┼íla se ┼ż├ídn├í dostupn├í metoda roz┼í├ş┼Öen├ş Temperature, kter├í by p┼Öij├şmala prvn├ş argument typu SmartCheckResult. (Nechyb├ş direktiva using nebo odkaz na sestaven├ş?) [D:\DiskChecker\DiskChecker.Infrastructure\DiskChecker.Infrastructure.csproj]
D:\DiskChecker\DiskChecker.Infrastructure\Hardware\LinuxSmartaProvider.cs(320,65): error CS1061: SmartCheckResult neobsahuje definici pro Temperature a nena┼íla se ┼ż├ídn├í dostupn├í metoda roz┼í├ş┼Öen├ş Temperature, kter├í by p┼Öij├şmala prvn├ş argument typu SmartCheckResult. (Nechyb├ş direktiva using nebo odkaz na sestaven├ş?) [D:\DiskChecker\DiskChecker.Infrastructure\DiskChecker.Infrastructure.csproj]
D:\DiskChecker\DiskChecker.Infrastructure\Hardware\WindowsSmartaProvider.cs(59,60): error CS1061: string neobsahuje definici pro ToSafeString a nena┼íla se ┼ż├ídn├í dostupn├í metoda roz┼í├ş┼Öen├ş ToSafeString, kter├í by p┼Öij├şmala prvn├ş argument typu string. (Nechyb├ş direktiva using nebo odkaz na sestaven├ş?) [D:\DiskChecker\DiskChecker.Infrastructure\DiskChecker.Infrastructure.csproj]
D:\DiskChecker\DiskChecker.Infrastructure\Hardware\WindowsSmartaProvider.cs(59,101): error CS1061: string neobsahuje definici pro ToSafeString a nena┼íla se ┼ż├ídn├í dostupn├í metoda roz┼í├ş┼Öen├ş ToSafeString, kter├í by p┼Öij├şmala prvn├ş argument typu string. (Nechyb├ş direktiva using nebo odkaz na sestaven├ş?) [D:\DiskChecker\DiskChecker.Infrastructure\DiskChecker.Infrastructure.csproj]
D:\DiskChecker\DiskChecker.Infrastructure\Hardware\WindowsSmartaProvider.cs(60,62): error CS1061: string neobsahuje definici pro ToSafeString a nena┼íla se ┼ż├ídn├í dostupn├í metoda roz┼í├ş┼Öen├ş ToSafeString, kter├í by p┼Öij├şmala prvn├ş argument typu string. (Nechyb├ş direktiva using nebo odkaz na sestaven├ş?) [D:\DiskChecker\DiskChecker.Infrastructure\DiskChecker.Infrastructure.csproj]
D:\DiskChecker\DiskChecker.Infrastructure\Hardware\WindowsSmartaProvider.cs(77,57): error CS1061: string neobsahuje definici pro ToSafeString a nena┼íla se ┼ż├ídn├í dostupn├í metoda roz┼í├ş┼Öen├ş ToSafeString, kter├í by p┼Öij├şmala prvn├ş argument typu string. (Nechyb├ş direktiva using nebo odkaz na sestaven├ş?) [D:\DiskChecker\DiskChecker.Infrastructure\DiskChecker.Infrastructure.csproj]
D:\DiskChecker\DiskChecker.Infrastructure\Hardware\WindowsSmartaProvider.cs(85,57): error CS1061: string neobsahuje definici pro ToSafeString a nena┼íla se ┼ż├ídn├í dostupn├í metoda roz┼í├ş┼Öen├ş ToSafeString, kter├í by p┼Öij├şmala prvn├ş argument typu string. (Nechyb├ş direktiva using nebo odkaz na sestaven├ş?) [D:\DiskChecker\DiskChecker.Infrastructure\DiskChecker.Infrastructure.csproj]
D:\DiskChecker\DiskChecker.Infrastructure\Hardware\SmartctlJsonParser.cs(37,17): error CS0117: SmartCheckResult neobsahuje definici pro IsEnabled. [D:\DiskChecker\DiskChecker.Infrastructure\DiskChecker.Infrastructure.csproj]
D:\DiskChecker\DiskChecker.Infrastructure\Hardware\SmartctlJsonParser.cs(38,17): error CS0117: SmartCheckResult neobsahuje definici pro IsHealthy. [D:\DiskChecker\DiskChecker.Infrastructure\DiskChecker.Infrastructure.csproj]
D:\DiskChecker\DiskChecker.Infrastructure\Hardware\SmartctlJsonParser.cs(39,17): error CS0117: SmartCheckResult neobsahuje definici pro TestPassed. [D:\DiskChecker\DiskChecker.Infrastructure\DiskChecker.Infrastructure.csproj]
D:\DiskChecker\DiskChecker.Infrastructure\Hardware\SmartctlJsonParser.cs(46,24): error CS1061: SmartCheckResult neobsahuje definici pro PowerOnHours a nena┼íla se ┼ż├ídn├í dostupn├í metoda roz┼í├ş┼Öen├ş PowerOnHours, kter├í by p┼Öij├şmala prvn├ş argument typu SmartCheckResult. (Nechyb├ş direktiva using nebo odkaz na sestaven├ş?) [D:\DiskChecker\DiskChecker.Infrastructure\DiskChecker.Infrastructure.csproj]
D:\DiskChecker\DiskChecker.Infrastructure\Hardware\SmartctlJsonParser.cs(55,42): error CS1061: SmartCheckResult neobsahuje definici pro ReallocatedSectorCount a nena┼íla se ┼ż├ídn├í dostupn├í metoda roz┼í├ş┼Öen├ş ReallocatedSectorCount, kter├í by p┼Öij├şmala prvn├ş argument typu SmartCheckResult. (Nechyb├ş direktiva using nebo odkaz na sestaven├ş?) [D:\DiskChecker\DiskChecker.Infrastructure\DiskChecker.Infrastructure.csproj]
D:\DiskChecker\DiskChecker.Infrastructure\Hardware\SmartctlJsonParser.cs(56,44): error CS1061: SmartCheckResult neobsahuje definici pro PendingSectorCount a nena┼íla se ┼ż├ídn├í dostupn├í metoda roz┼í├ş┼Öen├ş PendingSectorCount, kter├í by p┼Öij├şmala prvn├ş argument typu SmartCheckResult. (Nechyb├ş direktiva using nebo odkaz na sestaven├ş?) [D:\DiskChecker\DiskChecker.Infrastructure\DiskChecker.Infrastructure.csproj]
D:\DiskChecker\DiskChecker.Infrastructure\Hardware\SmartctlJsonParser.cs(57,44): error CS1061: SmartCheckResult neobsahuje definici pro UncorrectableErrorCount a nena┼íla se ┼ż├ídn├í dostupn├í metoda roz┼í├ş┼Öen├ş UncorrectableErrorCount, kter├í by p┼Öij├şmala prvn├ş argument typu SmartCheckResult. (Nechyb├ş direktiva using nebo odkaz na sestaven├ş?) [D:\DiskChecker\DiskChecker.Infrastructure\DiskChecker.Infrastructure.csproj]
D:\DiskChecker\DiskChecker.Infrastructure\Hardware\SmartctlJsonParser.cs(58,44): error CS1061: SmartCheckResult neobsahuje definici pro Temperature a nena┼íla se ┼ż├ídn├í dostupn├í metoda roz┼í├ş┼Öen├ş Temperature, kter├í by p┼Öij├şmala prvn├ş argument typu SmartCheckResult. (Nechyb├ş direktiva using nebo odkaz na sestaven├ş?) [D:\DiskChecker\DiskChecker.Infrastructure\DiskChecker.Infrastructure.csproj]
D:\DiskChecker\DiskChecker.Infrastructure\Hardware\SmartctlJsonParser.cs(59,44): error CS1061: SmartCheckResult neobsahuje definici pro WearLevelingCount a nena┼íla se ┼ż├ídn├í dostupn├í metoda roz┼í├ş┼Öen├ş WearLevelingCount, kter├í by p┼Öij├şmala prvn├ş argument typu SmartCheckResult. (Nechyb├ş direktiva using nebo odkaz na sestaven├ş?) [D:\DiskChecker\DiskChecker.Infrastructure\DiskChecker.Infrastructure.csproj]
D:\DiskChecker\DiskChecker.Infrastructure\Hardware\SmartctlJsonParser.cs(63,20): error CS1061: SmartCheckResult neobsahuje definici pro SelfTests a nena┼íla se ┼ż├ídn├í dostupn├í metoda roz┼í├ş┼Öen├ş SelfTests, kter├í by p┼Öij├şmala prvn├ş argument typu SmartCheckResult. (Nechyb├ş direktiva using nebo odkaz na sestaven├ş?) [D:\DiskChecker\DiskChecker.Infrastructure\DiskChecker.Infrastructure.csproj]
D:\DiskChecker\DiskChecker.Infrastructure\Hardware\SmartctlJsonParser.cs(84,24): error CS1061: SmartCheckResult neobsahuje definici pro CurrentSelfTest a nena┼íla se ┼ż├ídn├í dostupn├í metoda roz┼í├ş┼Öen├ş CurrentSelfTest, kter├í by p┼Öij├şmala prvn├ş argument typu SmartCheckResult. (Nechyb├ş direktiva using nebo odkaz na sestaven├ş?) [D:\DiskChecker\DiskChecker.Infrastructure\DiskChecker.Infrastructure.csproj]
D:\DiskChecker\DiskChecker.Infrastructure\Hardware\SmartctlJsonParser.cs(86,63): error CS0117: SmartaSelfTestStatus neobsahuje definici pro InProgress. [D:\DiskChecker\DiskChecker.Infrastructure\DiskChecker.Infrastructure.csproj]
D:\DiskChecker\DiskChecker.Infrastructure\Hardware\SmartctlJsonParser.cs(89,21): error CS0117: SmartaSelfTestEntry neobsahuje definici pro CompletedAt. [D:\DiskChecker\DiskChecker.Infrastructure\DiskChecker.Infrastructure.csproj]
D:\DiskChecker\DiskChecker.Infrastructure\Hardware\SmartctlJsonParser.cs(141,21): error CS0117: SmartaAttributeItem neobsahuje definici pro Value. [D:\DiskChecker\DiskChecker.Infrastructure\DiskChecker.Infrastructure.csproj]
D:\DiskChecker\DiskChecker.Infrastructure\Hardware\SmartctlJsonParser.cs(145,21): error CS0117: SmartaAttributeItem neobsahuje definici pro IsOk. [D:\DiskChecker\DiskChecker.Infrastructure\DiskChecker.Infrastructure.csproj]
D:\DiskChecker\DiskChecker.Infrastructure\Hardware\SmartctlJsonParser.cs(174,21): error CS0117: SmartaSelfTestEntry neobsahuje definici pro Type. [D:\DiskChecker\DiskChecker.Infrastructure\DiskChecker.Infrastructure.csproj]
D:\DiskChecker\DiskChecker.Infrastructure\Hardware\SmartctlJsonParser.cs(175,30): error CS0029: Typ DiskChecker.Core.Models.SmartaSelfTestStatus nejde implicitn─Ť p┼Öev├ęst na typ string. [D:\DiskChecker\DiskChecker.Infrastructure\DiskChecker.Infrastructure.csproj]
D:\DiskChecker\DiskChecker.Infrastructure\Hardware\SmartctlJsonParser.cs(191,43): error CS0117: SmartaSelfTestType neobsahuje definici pro ShortTest. [D:\DiskChecker\DiskChecker.Infrastructure\DiskChecker.Infrastructure.csproj]
D:\DiskChecker\DiskChecker.Infrastructure\Hardware\SmartctlJsonParser.cs(205,41): error CS0117: SmartaSelfTestStatus neobsahuje definici pro ErrorUnknown. [D:\DiskChecker\DiskChecker.Infrastructure\DiskChecker.Infrastructure.csproj]
D:\DiskChecker\DiskChecker.Infrastructure\Hardware\SmartctlJsonParser.cs(211,41): error CS0117: SmartaSelfTestStatus neobsahuje definici pro CompletedWithoutError. [D:\DiskChecker\DiskChecker.Infrastructure\DiskChecker.Infrastructure.csproj]
D:\DiskChecker\DiskChecker.Infrastructure\Hardware\SmartctlJsonParser.cs(215,41): error CS0117: SmartaSelfTestStatus neobsahuje definici pro AbortedByUser. [D:\DiskChecker\DiskChecker.Infrastructure\DiskChecker.Infrastructure.csproj]
D:\DiskChecker\DiskChecker.Infrastructure\Hardware\SmartctlJsonParser.cs(219,41): error CS0117: SmartaSelfTestStatus neobsahuje definici pro AbortedByHost. [D:\DiskChecker\DiskChecker.Infrastructure\DiskChecker.Infrastructure.csproj]
D:\DiskChecker\DiskChecker.Infrastructure\Hardware\SmartctlJsonParser.cs(223,41): error CS0117: SmartaSelfTestStatus neobsahuje definici pro FatalError. [D:\DiskChecker\DiskChecker.Infrastructure\DiskChecker.Infrastructure.csproj]
D:\DiskChecker\DiskChecker.Infrastructure\Hardware\SmartctlJsonParser.cs(227,41): error CS0117: SmartaSelfTestStatus neobsahuje definici pro ErrorElectrical. [D:\DiskChecker\DiskChecker.Infrastructure\DiskChecker.Infrastructure.csproj]
D:\DiskChecker\DiskChecker.Infrastructure\Hardware\SmartctlJsonParser.cs(231,41): error CS0117: SmartaSelfTestStatus neobsahuje definici pro ErrorServo. [D:\DiskChecker\DiskChecker.Infrastructure\DiskChecker.Infrastructure.csproj]
D:\DiskChecker\DiskChecker.Infrastructure\Hardware\SmartctlJsonParser.cs(235,41): error CS0117: SmartaSelfTestStatus neobsahuje definici pro ErrorRead. [D:\DiskChecker\DiskChecker.Infrastructure\DiskChecker.Infrastructure.csproj]
D:\DiskChecker\DiskChecker.Infrastructure\Hardware\SmartctlJsonParser.cs(239,41): error CS0117: SmartaSelfTestStatus neobsahuje definici pro ErrorHandling. [D:\DiskChecker\DiskChecker.Infrastructure\DiskChecker.Infrastructure.csproj]
D:\DiskChecker\DiskChecker.Infrastructure\Hardware\SmartctlJsonParser.cs(243,41): error CS0117: SmartaSelfTestStatus neobsahuje definici pro InProgress. [D:\DiskChecker\DiskChecker.Infrastructure\DiskChecker.Infrastructure.csproj]
D:\DiskChecker\DiskChecker.Infrastructure\Hardware\SmartctlJsonParser.cs(246,37): error CS0117: SmartaSelfTestStatus neobsahuje definici pro ErrorUnknown. [D:\DiskChecker\DiskChecker.Infrastructure\DiskChecker.Infrastructure.csproj]
D:\DiskChecker\DiskChecker.Infrastructure\Hardware\SmartctlJsonParser.cs(254,39): error CS1061: string neobsahuje definici pro ToIntOrNull a nena┼íla se ┼ż├ídn├í dostupn├í metoda roz┼í├ş┼Öen├ş ToIntOrNull, kter├í by p┼Öij├şmala prvn├ş argument typu string. (Nechyb├ş direktiva using nebo odkaz na sestaven├ş?) [D:\DiskChecker\DiskChecker.Infrastructure\DiskChecker.Infrastructure.csproj]
D:\DiskChecker\DiskChecker.Infrastructure\Hardware\SmartctlJsonParser.cs(256,13): error CS0117: SmartaData neobsahuje definici pro SmartEnabled. [D:\DiskChecker\DiskChecker.Infrastructure\DiskChecker.Infrastructure.csproj]
D:\DiskChecker\DiskChecker.Infrastructure\Hardware\SmartctlJsonParser.cs(256,35): error CS1061: SmartCheckResult neobsahuje definici pro IsEnabled a nena┼íla se ┼ż├ídn├í dostupn├í metoda roz┼í├ş┼Öen├ş IsEnabled, kter├í by p┼Öij├şmala prvn├ş argument typu SmartCheckResult. (Nechyb├ş direktiva using nebo odkaz na sestaven├ş?) [D:\DiskChecker\DiskChecker.Infrastructure\DiskChecker.Infrastructure.csproj]
D:\DiskChecker\DiskChecker.Infrastructure\Hardware\SmartctlJsonParser.cs(257,13): error CS0117: SmartaData neobsahuje definici pro SmartHealthy. [D:\DiskChecker\DiskChecker.Infrastructure\DiskChecker.Infrastructure.csproj]
D:\DiskChecker\DiskChecker.Infrastructure\Hardware\SmartctlJsonParser.cs(257,35): error CS1061: SmartCheckResult neobsahuje definici pro IsHealthy a nena┼íla se ┼ż├ídn├í dostupn├í metoda roz┼í├ş┼Öen├ş IsHealthy, kter├í by p┼Öij├şmala prvn├ş argument typu SmartCheckResult. (Nechyb├ş direktiva using nebo odkaz na sestaven├ş?) [D:\DiskChecker\DiskChecker.Infrastructure\DiskChecker.Infrastructure.csproj]
D:\DiskChecker\DiskChecker.Infrastructure\Hardware\SmartctlJsonParser.cs(258,35): error CS1061: SmartCheckResult neobsahuje definici pro PowerOnHours a nena┼íla se ┼ż├ídn├í dostupn├í metoda roz┼í├ş┼Öen├ş PowerOnHours, kter├í by p┼Öij├şmala prvn├ş argument typu SmartCheckResult. (Nechyb├ş direktiva using nebo odkaz na sestaven├ş?) [D:\DiskChecker\DiskChecker.Infrastructure\DiskChecker.Infrastructure.csproj]
D:\DiskChecker\DiskChecker.Infrastructure\Hardware\SmartctlJsonParser.cs(259,45): error CS1061: SmartCheckResult neobsahuje definici pro ReallocatedSectorCount a nena┼íla se ┼ż├ídn├í dostupn├í metoda roz┼í├ş┼Öen├ş ReallocatedSectorCount, kter├í by p┼Öij├şmala prvn├ş argument typu SmartCheckResult. (Nechyb├ş direktiva using nebo odkaz na sestaven├ş?) [D:\DiskChecker\DiskChecker.Infrastructure\DiskChecker.Infrastructure.csproj]
D:\DiskChecker\DiskChecker.Infrastructure\Hardware\SmartctlJsonParser.cs(260,41): error CS1061: SmartCheckResult neobsahuje definici pro PendingSectorCount a nena┼íla se ┼ż├ídn├í dostupn├í metoda roz┼í├ş┼Öen├ş PendingSectorCount, kter├í by p┼Öij├şmala prvn├ş argument typu SmartCheckResult. (Nechyb├ş direktiva using nebo odkaz na sestaven├ş?) [D:\DiskChecker\DiskChecker.Infrastructure\DiskChecker.Infrastructure.csproj]
D:\DiskChecker\DiskChecker.Infrastructure\Hardware\SmartctlJsonParser.cs(261,46): error CS1061: SmartCheckResult neobsahuje definici pro UncorrectableErrorCount a nena┼íla se ┼ż├ídn├í dostupn├í metoda roz┼í├ş┼Öen├ş UncorrectableErrorCount, kter├í by p┼Öij├şmala prvn├ş argument typu SmartCheckResult. (Nechyb├ş direktiva using nebo odkaz na sestaven├ş?) [D:\DiskChecker\DiskChecker.Infrastructure\DiskChecker.Infrastructure.csproj]
D:\DiskChecker\DiskChecker.Infrastructure\Hardware\SmartctlJsonParser.cs(262,34): error CS1061: SmartCheckResult neobsahuje definici pro Temperature a nena┼íla se ┼ż├ídn├í dostupn├í metoda roz┼í├ş┼Öen├ş Temperature, kter├í by p┼Öij├şmala prvn├ş argument typu SmartCheckResult. (Nechyb├ş direktiva using nebo odkaz na sestaven├ş?) [D:\DiskChecker\DiskChecker.Infrastructure\DiskChecker.Infrastructure.csproj]
D:\DiskChecker\DiskChecker.Infrastructure\Hardware\SmartctlJsonParser.cs(263,40): error CS1061: SmartCheckResult neobsahuje definici pro WearLevelingCount a nena┼íla se ┼ż├ídn├í dostupn├í metoda roz┼í├ş┼Öen├ş WearLevelingCount, kter├í by p┼Öij├şmala prvn├ş argument typu SmartCheckResult. (Nechyb├ş direktiva using nebo odkaz na sestaven├ş?) [D:\DiskChecker\DiskChecker.Infrastructure\DiskChecker.Infrastructure.csproj]
D:\DiskChecker\DiskChecker.Infrastructure\Hardware\SmartctlJsonParser.cs(264,13): error CS0117: SmartaData neobsahuje definici pro Attributes. [D:\DiskChecker\DiskChecker.Infrastructure\DiskChecker.Infrastructure.csproj]
D:\DiskChecker\DiskChecker.Infrastructure\Hardware\SmartctlJsonParser.cs(265,13): error CS0117: SmartaData neobsahuje definici pro SelfTests. [D:\DiskChecker\DiskChecker.Infrastructure\DiskChecker.Infrastructure.csproj]
D:\DiskChecker\DiskChecker.Infrastructure\Hardware\SmartctlJsonParser.cs(265,32): error CS1061: SmartCheckResult neobsahuje definici pro SelfTests a nena┼íla se ┼ż├ídn├í dostupn├í metoda roz┼í├ş┼Öen├ş SelfTests, kter├í by p┼Öij├şmala prvn├ş argument typu SmartCheckResult. (Nechyb├ş direktiva using nebo odkaz na sestaven├ş?) [D:\DiskChecker\DiskChecker.Infrastructure\DiskChecker.Infrastructure.csproj]
D:\DiskChecker\DiskChecker.Infrastructure\Hardware\SequentialFileTestExecutor.cs(100,58): error CS1061: string neobsahuje definici pro ToSafeString a nena┼íla se ┼ż├ídn├í dostupn├í metoda roz┼í├ş┼Öen├ş ToSafeString, kter├í by p┼Öij├şmala prvn├ş argument typu string. (Nechyb├ş direktiva using nebo odkaz na sestaven├ş?) [D:\DiskChecker\DiskChecker.Infrastructure\DiskChecker.Infrastructure.csproj]
D:\DiskChecker\DiskChecker.Infrastructure\Hardware\SequentialFileTestExecutor.cs(102,85): error CS1061: string neobsahuje definici pro ToSafeString a nena┼íla se ┼ż├ídn├í dostupn├í metoda roz┼í├ş┼Öen├ş ToSafeString, kter├í by p┼Öij├şmala prvn├ş argument typu string. (Nechyb├ş direktiva using nebo odkaz na sestaven├ş?) [D:\DiskChecker\DiskChecker.Infrastructure\DiskChecker.Infrastructure.csproj]
D:\DiskChecker\DiskChecker.Infrastructure\Hardware\SurfaceTestExecutor.cs(47,80): error CS1061: string neobsahuje definici pro ToSafeString a nena┼íla se ┼ż├ídn├í dostupn├í metoda roz┼í├ş┼Öen├ş ToSafeString, kter├í by p┼Öij├şmala prvn├ş argument typu string. (Nechyb├ş direktiva using nebo odkaz na sestaven├ş?) [D:\DiskChecker\DiskChecker.Infrastructure\DiskChecker.Infrastructure.csproj]
D:\DiskChecker\DiskChecker.Infrastructure\Hardware\SurfaceTestExecutor.cs(47,137): error CS1061: string neobsahuje definici pro ToSafeString a nena┼íla se ┼ż├ídn├í dostupn├í metoda roz┼í├ş┼Öen├ş ToSafeString, kter├í by p┼Öij├şmala prvn├ş argument typu string. (Nechyb├ş direktiva using nebo odkaz na sestaven├ş?) [D:\DiskChecker\DiskChecker.Infrastructure\DiskChecker.Infrastructure.csproj]
D:\DiskChecker\DiskChecker.Infrastructure\Hardware\SurfaceTestExecutor.cs(49,87): error CS1061: string neobsahuje definici pro ToSafeString a nena┼íla se ┼ż├ídn├í dostupn├í metoda roz┼í├ş┼Öen├ş ToSafeString, kter├í by p┼Öij├şmala prvn├ş argument typu string. (Nechyb├ş direktiva using nebo odkaz na sestaven├ş?) [D:\DiskChecker\DiskChecker.Infrastructure\DiskChecker.Infrastructure.csproj]
D:\DiskChecker\DiskChecker.Infrastructure\Hardware\SurfaceTestExecutor.cs(49,130): error CS1061: string neobsahuje definici pro ToSafeString a nena┼íla se ┼ż├ídn├í dostupn├í metoda roz┼í├ş┼Öen├ş ToSafeString, kter├í by p┼Öij├şmala prvn├ş argument typu string. (Nechyb├ş direktiva using nebo odkaz na sestaven├ş?) [D:\DiskChecker\DiskChecker.Infrastructure\DiskChecker.Infrastructure.csproj]
D:\DiskChecker\DiskChecker.Infrastructure\Hardware\WindowsSmartaProvider.cs(495,52): error CS1061: string neobsahuje definici pro ToSafeString a nena┼íla se ┼ż├ídn├í dostupn├í metoda roz┼í├ş┼Öen├ş ToSafeString, kter├í by p┼Öij├şmala prvn├ş argument typu string. (Nechyb├ş direktiva using nebo odkaz na sestaven├ş?) [D:\DiskChecker\DiskChecker.Infrastructure\DiskChecker.Infrastructure.csproj]
D:\DiskChecker\DiskChecker.Infrastructure\Hardware\WindowsSmartaProvider.cs(507,52): error CS1061: string neobsahuje definici pro ToSafeString a nena┼íla se ┼ż├ídn├í dostupn├í metoda roz┼í├ş┼Öen├ş ToSafeString, kter├í by p┼Öij├şmala prvn├ş argument typu string. (Nechyb├ş direktiva using nebo odkaz na sestaven├ş?) [D:\DiskChecker\DiskChecker.Infrastructure\DiskChecker.Infrastructure.csproj]
D:\DiskChecker\DiskChecker.Infrastructure\Hardware\WindowsSmartaProvider.cs(512,142): error CS1061: string neobsahuje definici pro ToSafeString a nena┼íla se ┼ż├ídn├í dostupn├í metoda roz┼í├ş┼Öen├ş ToSafeString, kter├í by p┼Öij├şmala prvn├ş argument typu string. (Nechyb├ş direktiva using nebo odkaz na sestaven├ş?) [D:\DiskChecker\DiskChecker.Infrastructure\DiskChecker.Infrastructure.csproj]

Sestaven├ş SE NEZDA┼śILO.

D:\DiskChecker\DiskChecker.Infrastructure\Hardware\WindowsSmartJsonParser.cs(32,42): error CS0029: Typ int nejde implicitn─Ť p┼Öev├ęst na typ string. [D:\DiskChecker\DiskChecker.Infrastructure\DiskChecker.Infrastructure.csproj]
D:\DiskChecker\DiskChecker.Infrastructure\Hardware\DiskSurfaceTestExecutor.cs(137,59): error CS1061: string neobsahuje definici pro ToSafeString a nena┼íla se ┼ż├ídn├í dostupn├í metoda roz┼í├ş┼Öen├ş ToSafeString, kter├í by p┼Öij├şmala prvn├ş argument typu string. (Nechyb├ş direktiva using nebo odkaz na sestaven├ş?) [D:\DiskChecker\DiskChecker.Infrastructure\DiskChecker.Infrastructure.csproj]
D:\DiskChecker\DiskChecker.Infrastructure\Hardware\DiskSurfaceTestExecutor.cs(139,86): error CS1061: string neobsahuje definici pro ToSafeString a nena┼íla se ┼ż├ídn├í dostupn├í metoda roz┼í├ş┼Öen├ş ToSafeString, kter├í by p┼Öij├şmala prvn├ş argument typu string. (Nechyb├ş direktiva using nebo odkaz na sestaven├ş?) [D:\DiskChecker\DiskChecker.Infrastructure\DiskChecker.Infrastructure.csproj]
D:\DiskChecker\DiskChecker.Infrastructure\Hardware\LinuxSmartaProvider.cs(320,25): error CS1061: SmartCheckResult neobsahuje definici pro Temperature a nena┼íla se ┼ż├ídn├í dostupn├í metoda roz┼í├ş┼Öen├ş Temperature, kter├í by p┼Öij├şmala prvn├ş argument typu SmartCheckResult. (Nechyb├ş direktiva using nebo odkaz na sestaven├ş?) [D:\DiskChecker\DiskChecker.Infrastructure\DiskChecker.Infrastructure.csproj]
D:\DiskChecker\DiskChecker.Infrastructure\Hardware\LinuxSmartaProvider.cs(320,65): error CS1061: SmartCheckResult neobsahuje definici pro Temperature a nena┼íla se ┼ż├ídn├í dostupn├í metoda roz┼í├ş┼Öen├ş Temperature, kter├í by p┼Öij├şmala prvn├ş argument typu SmartCheckResult. (Nechyb├ş direktiva using nebo odkaz na sestaven├ş?) [D:\DiskChecker\DiskChecker.Infrastructure\DiskChecker.Infrastructure.csproj]
D:\DiskChecker\DiskChecker.Infrastructure\Hardware\WindowsSmartaProvider.cs(59,60): error CS1061: string neobsahuje definici pro ToSafeString a nena┼íla se ┼ż├ídn├í dostupn├í metoda roz┼í├ş┼Öen├ş ToSafeString, kter├í by p┼Öij├şmala prvn├ş argument typu string. (Nechyb├ş direktiva using nebo odkaz na sestaven├ş?) [D:\DiskChecker\DiskChecker.Infrastructure\DiskChecker.Infrastructure.csproj]
D:\DiskChecker\DiskChecker.Infrastructure\Hardware\WindowsSmartaProvider.cs(59,101): error CS1061: string neobsahuje definici pro ToSafeString a nena┼íla se ┼ż├ídn├í dostupn├í metoda roz┼í├ş┼Öen├ş ToSafeString, kter├í by p┼Öij├şmala prvn├ş argument typu string. (Nechyb├ş direktiva using nebo odkaz na sestaven├ş?) [D:\DiskChecker\DiskChecker.Infrastructure\DiskChecker.Infrastructure.csproj]
D:\DiskChecker\DiskChecker.Infrastructure\Hardware\WindowsSmartaProvider.cs(60,62): error CS1061: string neobsahuje definici pro ToSafeString a nena┼íla se ┼ż├ídn├í dostupn├í metoda roz┼í├ş┼Öen├ş ToSafeString, kter├í by p┼Öij├şmala prvn├ş argument typu string. (Nechyb├ş direktiva using nebo odkaz na sestaven├ş?) [D:\DiskChecker\DiskChecker.Infrastructure\DiskChecker.Infrastructure.csproj]
D:\DiskChecker\DiskChecker.Infrastructure\Hardware\WindowsSmartaProvider.cs(77,57): error CS1061: string neobsahuje definici pro ToSafeString a nena┼íla se ┼ż├ídn├í dostupn├í metoda roz┼í├ş┼Öen├ş ToSafeString, kter├í by p┼Öij├şmala prvn├ş argument typu string. (Nechyb├ş direktiva using nebo odkaz na sestaven├ş?) [D:\DiskChecker\DiskChecker.Infrastructure\DiskChecker.Infrastructure.csproj]
D:\DiskChecker\DiskChecker.Infrastructure\Hardware\WindowsSmartaProvider.cs(85,57): error CS1061: string neobsahuje definici pro ToSafeString a nena┼íla se ┼ż├ídn├í dostupn├í metoda roz┼í├ş┼Öen├ş ToSafeString, kter├í by p┼Öij├şmala prvn├ş argument typu string. (Nechyb├ş direktiva using nebo odkaz na sestaven├ş?) [D:\DiskChecker\DiskChecker.Infrastructure\DiskChecker.Infrastructure.csproj]
D:\DiskChecker\DiskChecker.Infrastructure\Hardware\SmartctlJsonParser.cs(37,17): error CS0117: SmartCheckResult neobsahuje definici pro IsEnabled. [D:\DiskChecker\DiskChecker.Infrastructure\DiskChecker.Infrastructure.csproj]
D:\DiskChecker\DiskChecker.Infrastructure\Hardware\SmartctlJsonParser.cs(38,17): error CS0117: SmartCheckResult neobsahuje definici pro IsHealthy. [D:\DiskChecker\DiskChecker.Infrastructure\DiskChecker.Infrastructure.csproj]
D:\DiskChecker\DiskChecker.Infrastructure\Hardware\SmartctlJsonParser.cs(39,17): error CS0117: SmartCheckResult neobsahuje definici pro TestPassed. [D:\DiskChecker\DiskChecker.Infrastructure\DiskChecker.Infrastructure.csproj]
D:\DiskChecker\DiskChecker.Infrastructure\Hardware\SmartctlJsonParser.cs(46,24): error CS1061: SmartCheckResult neobsahuje definici pro PowerOnHours a nena┼íla se ┼ż├ídn├í dostupn├í metoda roz┼í├ş┼Öen├ş PowerOnHours, kter├í by p┼Öij├şmala prvn├ş argument typu SmartCheckResult. (Nechyb├ş direktiva using nebo odkaz na sestaven├ş?) [D:\DiskChecker\DiskChecker.Infrastructure\DiskChecker.Infrastructure.csproj]
D:\DiskChecker\DiskChecker.Infrastructure\Hardware\SmartctlJsonParser.cs(55,42): error CS1061: SmartCheckResult neobsahuje definici pro ReallocatedSectorCount a nena┼íla se ┼ż├ídn├í dostupn├í metoda roz┼í├ş┼Öen├ş ReallocatedSectorCount, kter├í by p┼Öij├şmala prvn├ş argument typu SmartCheckResult. (Nechyb├ş direktiva using nebo odkaz na sestaven├ş?) [D:\DiskChecker\DiskChecker.Infrastructure\DiskChecker.Infrastructure.csproj]
D:\DiskChecker\DiskChecker.Infrastructure\Hardware\SmartctlJsonParser.cs(56,44): error CS1061: SmartCheckResult neobsahuje definici pro PendingSectorCount a nena┼íla se ┼ż├ídn├í dostupn├í metoda roz┼í├ş┼Öen├ş PendingSectorCount, kter├í by p┼Öij├şmala prvn├ş argument typu SmartCheckResult. (Nechyb├ş direktiva using nebo odkaz na sestaven├ş?) [D:\DiskChecker\DiskChecker.Infrastructure\DiskChecker.Infrastructure.csproj]
D:\DiskChecker\DiskChecker.Infrastructure\Hardware\SmartctlJsonParser.cs(57,44): error CS1061: SmartCheckResult neobsahuje definici pro UncorrectableErrorCount a nena┼íla se ┼ż├ídn├í dostupn├í metoda roz┼í├ş┼Öen├ş UncorrectableErrorCount, kter├í by p┼Öij├şmala prvn├ş argument typu SmartCheckResult. (Nechyb├ş direktiva using nebo odkaz na sestaven├ş?) [D:\DiskChecker\DiskChecker.Infrastructure\DiskChecker.Infrastructure.csproj]
D:\DiskChecker\DiskChecker.Infrastructure\Hardware\SmartctlJsonParser.cs(58,44): error CS1061: SmartCheckResult neobsahuje definici pro Temperature a nena┼íla se ┼ż├ídn├í dostupn├í metoda roz┼í├ş┼Öen├ş Temperature, kter├í by p┼Öij├şmala prvn├ş argument typu SmartCheckResult. (Nechyb├ş direktiva using nebo odkaz na sestaven├ş?) [D:\DiskChecker\DiskChecker.Infrastructure\DiskChecker.Infrastructure.csproj]
D:\DiskChecker\DiskChecker.Infrastructure\Hardware\SmartctlJsonParser.cs(59,44): error CS1061: SmartCheckResult neobsahuje definici pro WearLevelingCount a nena┼íla se ┼ż├ídn├í dostupn├í metoda roz┼í├ş┼Öen├ş WearLevelingCount, kter├í by p┼Öij├şmala prvn├ş argument typu SmartCheckResult. (Nechyb├ş direktiva using nebo odkaz na sestaven├ş?) [D:\DiskChecker\DiskChecker.Infrastructure\DiskChecker.Infrastructure.csproj]
D:\DiskChecker\DiskChecker.Infrastructure\Hardware\SmartctlJsonParser.cs(63,20): error CS1061: SmartCheckResult neobsahuje definici pro SelfTests a nena┼íla se ┼ż├ídn├í dostupn├í metoda roz┼í├ş┼Öen├ş SelfTests, kter├í by p┼Öij├şmala prvn├ş argument typu SmartCheckResult. (Nechyb├ş direktiva using nebo odkaz na sestaven├ş?) [D:\DiskChecker\DiskChecker.Infrastructure\DiskChecker.Infrastructure.csproj]
D:\DiskChecker\DiskChecker.Infrastructure\Hardware\SmartctlJsonParser.cs(84,24): error CS1061: SmartCheckResult neobsahuje definici pro CurrentSelfTest a nena┼íla se ┼ż├ídn├í dostupn├í metoda roz┼í├ş┼Öen├ş CurrentSelfTest, kter├í by p┼Öij├şmala prvn├ş argument typu SmartCheckResult. (Nechyb├ş direktiva using nebo odkaz na sestaven├ş?) [D:\DiskChecker\DiskChecker.Infrastructure\DiskChecker.Infrastructure.csproj]
D:\DiskChecker\DiskChecker.Infrastructure\Hardware\SmartctlJsonParser.cs(86,63): error CS0117: SmartaSelfTestStatus neobsahuje definici pro InProgress. [D:\DiskChecker\DiskChecker.Infrastructure\DiskChecker.Infrastructure.csproj]
D:\DiskChecker\DiskChecker.Infrastructure\Hardware\SmartctlJsonParser.cs(89,21): error CS0117: SmartaSelfTestEntry neobsahuje definici pro CompletedAt. [D:\DiskChecker\DiskChecker.Infrastructure\DiskChecker.Infrastructure.csproj]
D:\DiskChecker\DiskChecker.Infrastructure\Hardware\SmartctlJsonParser.cs(141,21): error CS0117: SmartaAttributeItem neobsahuje definici pro Value. [D:\DiskChecker\DiskChecker.Infrastructure\DiskChecker.Infrastructure.csproj]
D:\DiskChecker\DiskChecker.Infrastructure\Hardware\SmartctlJsonParser.cs(145,21): error CS0117: SmartaAttributeItem neobsahuje definici pro IsOk. [D:\DiskChecker\DiskChecker.Infrastructure\DiskChecker.Infrastructure.csproj]
D:\DiskChecker\DiskChecker.Infrastructure\Hardware\SmartctlJsonParser.cs(174,21): error CS0117: SmartaSelfTestEntry neobsahuje definici pro Type. [D:\DiskChecker\DiskChecker.Infrastructure\DiskChecker.Infrastructure.csproj]
D:\DiskChecker\DiskChecker.Infrastructure\Hardware\SmartctlJsonParser.cs(175,30): error CS0029: Typ DiskChecker.Core.Models.SmartaSelfTestStatus nejde implicitn─Ť p┼Öev├ęst na typ string. [D:\DiskChecker\DiskChecker.Infrastructure\DiskChecker.Infrastructure.csproj]
D:\DiskChecker\DiskChecker.Infrastructure\Hardware\SmartctlJsonParser.cs(191,43): error CS0117: SmartaSelfTestType neobsahuje definici pro ShortTest. [D:\DiskChecker\DiskChecker.Infrastructure\DiskChecker.Infrastructure.csproj]
D:\DiskChecker\DiskChecker.Infrastructure\Hardware\SmartctlJsonParser.cs(205,41): error CS0117: SmartaSelfTestStatus neobsahuje definici pro ErrorUnknown. [D:\DiskChecker\DiskChecker.Infrastructure\DiskChecker.Infrastructure.csproj]
D:\DiskChecker\DiskChecker.Infrastructure\Hardware\SmartctlJsonParser.cs(211,41): error CS0117: SmartaSelfTestStatus neobsahuje definici pro CompletedWithoutError. [D:\DiskChecker\DiskChecker.Infrastructure\DiskChecker.Infrastructure.csproj]
D:\DiskChecker\DiskChecker.Infrastructure\Hardware\SmartctlJsonParser.cs(215,41): error CS0117: SmartaSelfTestStatus neobsahuje definici pro AbortedByUser. [D:\DiskChecker\DiskChecker.Infrastructure\DiskChecker.Infrastructure.csproj]
D:\DiskChecker\DiskChecker.Infrastructure\Hardware\SmartctlJsonParser.cs(219,41): error CS0117: SmartaSelfTestStatus neobsahuje definici pro AbortedByHost. [D:\DiskChecker\DiskChecker.Infrastructure\DiskChecker.Infrastructure.csproj]
D:\DiskChecker\DiskChecker.Infrastructure\Hardware\SmartctlJsonParser.cs(223,41): error CS0117: SmartaSelfTestStatus neobsahuje definici pro FatalError. [D:\DiskChecker\DiskChecker.Infrastructure\DiskChecker.Infrastructure.csproj]
D:\DiskChecker\DiskChecker.Infrastructure\Hardware\SmartctlJsonParser.cs(227,41): error CS0117: SmartaSelfTestStatus neobsahuje definici pro ErrorElectrical. [D:\DiskChecker\DiskChecker.Infrastructure\DiskChecker.Infrastructure.csproj]
D:\DiskChecker\DiskChecker.Infrastructure\Hardware\SmartctlJsonParser.cs(231,41): error CS0117: SmartaSelfTestStatus neobsahuje definici pro ErrorServo. [D:\DiskChecker\DiskChecker.Infrastructure\DiskChecker.Infrastructure.csproj]
D:\DiskChecker\DiskChecker.Infrastructure\Hardware\SmartctlJsonParser.cs(235,41): error CS0117: SmartaSelfTestStatus neobsahuje definici pro ErrorRead. [D:\DiskChecker\DiskChecker.Infrastructure\DiskChecker.Infrastructure.csproj]
D:\DiskChecker\DiskChecker.Infrastructure\Hardware\SmartctlJsonParser.cs(239,41): error CS0117: SmartaSelfTestStatus neobsahuje definici pro ErrorHandling. [D:\DiskChecker\DiskChecker.Infrastructure\DiskChecker.Infrastructure.csproj]
D:\DiskChecker\DiskChecker.Infrastructure\Hardware\SmartctlJsonParser.cs(243,41): error CS0117: SmartaSelfTestStatus neobsahuje definici pro InProgress. [D:\DiskChecker\DiskChecker.Infrastructure\DiskChecker.Infrastructure.csproj]
D:\DiskChecker\DiskChecker.Infrastructure\Hardware\SmartctlJsonParser.cs(246,37): error CS0117: SmartaSelfTestStatus neobsahuje definici pro ErrorUnknown. [D:\DiskChecker\DiskChecker.Infrastructure\DiskChecker.Infrastructure.csproj]
D:\DiskChecker\DiskChecker.Infrastructure\Hardware\SmartctlJsonParser.cs(254,39): error CS1061: string neobsahuje definici pro ToIntOrNull a nena┼íla se ┼ż├ídn├í dostupn├í metoda roz┼í├ş┼Öen├ş ToIntOrNull, kter├í by p┼Öij├şmala prvn├ş argument typu string. (Nechyb├ş direktiva using nebo odkaz na sestaven├ş?) [D:\DiskChecker\DiskChecker.Infrastructure\DiskChecker.Infrastructure.csproj]
D:\DiskChecker\DiskChecker.Infrastructure\Hardware\SmartctlJsonParser.cs(256,13): error CS0117: SmartaData neobsahuje definici pro SmartEnabled. [D:\DiskChecker\DiskChecker.Infrastructure\DiskChecker.Infrastructure.csproj]
D:\DiskChecker\DiskChecker.Infrastructure\Hardware\SmartctlJsonParser.cs(256,35): error CS1061: SmartCheckResult neobsahuje definici pro IsEnabled a nena┼íla se ┼ż├ídn├í dostupn├í metoda roz┼í├ş┼Öen├ş IsEnabled, kter├í by p┼Öij├şmala prvn├ş argument typu SmartCheckResult. (Nechyb├ş direktiva using nebo odkaz na sestaven├ş?) [D:\DiskChecker\DiskChecker.Infrastructure\DiskChecker.Infrastructure.csproj]
D:\DiskChecker\DiskChecker.Infrastructure\Hardware\SmartctlJsonParser.cs(257,13): error CS0117: SmartaData neobsahuje definici pro SmartHealthy. [D:\DiskChecker\DiskChecker.Infrastructure\DiskChecker.Infrastructure.csproj]
D:\DiskChecker\DiskChecker.Infrastructure\Hardware\SmartctlJsonParser.cs(257,35): error CS1061: SmartCheckResult neobsahuje definici pro IsHealthy a nena┼íla se ┼ż├ídn├í dostupn├í metoda roz┼í├ş┼Öen├ş IsHealthy, kter├í by p┼Öij├şmala prvn├ş argument typu SmartCheckResult. (Nechyb├ş direktiva using nebo odkaz na sestaven├ş?) [D:\DiskChecker\DiskChecker.Infrastructure\DiskChecker.Infrastructure.csproj]
D:\DiskChecker\DiskChecker.Infrastructure\Hardware\SmartctlJsonParser.cs(258,35): error CS1061: SmartCheckResult neobsahuje definici pro PowerOnHours a nena┼íla se ┼ż├ídn├í dostupn├í metoda roz┼í├ş┼Öen├ş PowerOnHours, kter├í by p┼Öij├şmala prvn├ş argument typu SmartCheckResult. (Nechyb├ş direktiva using nebo odkaz na sestaven├ş?) [D:\DiskChecker\DiskChecker.Infrastructure\DiskChecker.Infrastructure.csproj]
D:\DiskChecker\DiskChecker.Infrastructure\Hardware\SmartctlJsonParser.cs(259,45): error CS1061: SmartCheckResult neobsahuje definici pro ReallocatedSectorCount a nena┼íla se ┼ż├ídn├í dostupn├í metoda roz┼í├ş┼Öen├ş ReallocatedSectorCount, kter├í by p┼Öij├şmala prvn├ş argument typu SmartCheckResult. (Nechyb├ş direktiva using nebo odkaz na sestaven├ş?) [D:\DiskChecker\DiskChecker.Infrastructure\DiskChecker.Infrastructure.csproj]
D:\DiskChecker\DiskChecker.Infrastructure\Hardware\SmartctlJsonParser.cs(260,41): error CS1061: SmartCheckResult neobsahuje definici pro PendingSectorCount a nena┼íla se ┼ż├ídn├í dostupn├í metoda roz┼í├ş┼Öen├ş PendingSectorCount, kter├í by p┼Öij├şmala prvn├ş argument typu SmartCheckResult. (Nechyb├ş direktiva using nebo odkaz na sestaven├ş?) [D:\DiskChecker\DiskChecker.Infrastructure\DiskChecker.Infrastructure.csproj]
D:\DiskChecker\DiskChecker.Infrastructure\Hardware\SmartctlJsonParser.cs(261,46): error CS1061: SmartCheckResult neobsahuje definici pro UncorrectableErrorCount a nena┼íla se ┼ż├ídn├í dostupn├í metoda roz┼í├ş┼Öen├ş UncorrectableErrorCount, kter├í by p┼Öij├şmala prvn├ş argument typu SmartCheckResult. (Nechyb├ş direktiva using nebo odkaz na sestaven├ş?) [D:\DiskChecker\DiskChecker.Infrastructure\DiskChecker.Infrastructure.csproj]
D:\DiskChecker\DiskChecker.Infrastructure\Hardware\SmartctlJsonParser.cs(262,34): error CS1061: SmartCheckResult neobsahuje definici pro Temperature a nena┼íla se ┼ż├ídn├í dostupn├í metoda roz┼í├ş┼Öen├ş Temperature, kter├í by p┼Öij├şmala prvn├ş argument typu SmartCheckResult. (Nechyb├ş direktiva using nebo odkaz na sestaven├ş?) [D:\DiskChecker\DiskChecker.Infrastructure\DiskChecker.Infrastructure.csproj]
D:\DiskChecker\DiskChecker.Infrastructure\Hardware\SmartctlJsonParser.cs(263,40): error CS1061: SmartCheckResult neobsahuje definici pro WearLevelingCount a nena┼íla se ┼ż├ídn├í dostupn├í metoda roz┼í├ş┼Öen├ş WearLevelingCount, kter├í by p┼Öij├şmala prvn├ş argument typu SmartCheckResult. (Nechyb├ş direktiva using nebo odkaz na sestaven├ş?) [D:\DiskChecker\DiskChecker.Infrastructure\DiskChecker.Infrastructure.csproj]
D:\DiskChecker\DiskChecker.Infrastructure\Hardware\SmartctlJsonParser.cs(264,13): error CS0117: SmartaData neobsahuje definici pro Attributes. [D:\DiskChecker\DiskChecker.Infrastructure\DiskChecker.Infrastructure.csproj]
D:\DiskChecker\DiskChecker.Infrastructure\Hardware\SmartctlJsonParser.cs(265,13): error CS0117: SmartaData neobsahuje definici pro SelfTests. [D:\DiskChecker\DiskChecker.Infrastructure\DiskChecker.Infrastructure.csproj]
D:\DiskChecker\DiskChecker.Infrastructure\Hardware\SmartctlJsonParser.cs(265,32): error CS1061: SmartCheckResult neobsahuje definici pro SelfTests a nena┼íla se ┼ż├ídn├í dostupn├í metoda roz┼í├ş┼Öen├ş SelfTests, kter├í by p┼Öij├şmala prvn├ş argument typu SmartCheckResult. (Nechyb├ş direktiva using nebo odkaz na sestaven├ş?) [D:\DiskChecker\DiskChecker.Infrastructure\DiskChecker.Infrastructure.csproj]
D:\DiskChecker\DiskChecker.Infrastructure\Hardware\SequentialFileTestExecutor.cs(100,58): error CS1061: string neobsahuje definici pro ToSafeString a nena┼íla se ┼ż├ídn├í dostupn├í metoda roz┼í├ş┼Öen├ş ToSafeString, kter├í by p┼Öij├şmala prvn├ş argument typu string. (Nechyb├ş direktiva using nebo odkaz na sestaven├ş?) [D:\DiskChecker\DiskChecker.Infrastructure\DiskChecker.Infrastructure.csproj]
D:\DiskChecker\DiskChecker.Infrastructure\Hardware\SequentialFileTestExecutor.cs(102,85): error CS1061: string neobsahuje definici pro ToSafeString a nena┼íla se ┼ż├ídn├í dostupn├í metoda roz┼í├ş┼Öen├ş ToSafeString, kter├í by p┼Öij├şmala prvn├ş argument typu string. (Nechyb├ş direktiva using nebo odkaz na sestaven├ş?) [D:\DiskChecker\DiskChecker.Infrastructure\DiskChecker.Infrastructure.csproj]
D:\DiskChecker\DiskChecker.Infrastructure\Hardware\SurfaceTestExecutor.cs(47,80): error CS1061: string neobsahuje definici pro ToSafeString a nena┼íla se ┼ż├ídn├í dostupn├í metoda roz┼í├ş┼Öen├ş ToSafeString, kter├í by p┼Öij├şmala prvn├ş argument typu string. (Nechyb├ş direktiva using nebo odkaz na sestaven├ş?) [D:\DiskChecker\DiskChecker.Infrastructure\DiskChecker.Infrastructure.csproj]
D:\DiskChecker\DiskChecker.Infrastructure\Hardware\SurfaceTestExecutor.cs(47,137): error CS1061: string neobsahuje definici pro ToSafeString a nena┼íla se ┼ż├ídn├í dostupn├í metoda roz┼í├ş┼Öen├ş ToSafeString, kter├í by p┼Öij├şmala prvn├ş argument typu string. (Nechyb├ş direktiva using nebo odkaz na sestaven├ş?) [D:\DiskChecker\DiskChecker.Infrastructure\DiskChecker.Infrastructure.csproj]
D:\DiskChecker\DiskChecker.Infrastructure\Hardware\SurfaceTestExecutor.cs(49,87): error CS1061: string neobsahuje definici pro ToSafeString a nena┼íla se ┼ż├ídn├í dostupn├í metoda roz┼í├ş┼Öen├ş ToSafeString, kter├í by p┼Öij├şmala prvn├ş argument typu string. (Nechyb├ş direktiva using nebo odkaz na sestaven├ş?) [D:\DiskChecker\DiskChecker.Infrastructure\DiskChecker.Infrastructure.csproj]
D:\DiskChecker\DiskChecker.Infrastructure\Hardware\SurfaceTestExecutor.cs(49,130): error CS1061: string neobsahuje definici pro ToSafeString a nena┼íla se ┼ż├ídn├í dostupn├í metoda roz┼í├ş┼Öen├ş ToSafeString, kter├í by p┼Öij├şmala prvn├ş argument typu string. (Nechyb├ş direktiva using nebo odkaz na sestaven├ş?) [D:\DiskChecker\DiskChecker.Infrastructure\DiskChecker.Infrastructure.csproj]
D:\DiskChecker\DiskChecker.Infrastructure\Hardware\WindowsSmartaProvider.cs(495,52): error CS1061: string neobsahuje definici pro ToSafeString a nena┼íla se ┼ż├ídn├í dostupn├í metoda roz┼í├ş┼Öen├ş ToSafeString, kter├í by p┼Öij├şmala prvn├ş argument typu string. (Nechyb├ş direktiva using nebo odkaz na sestaven├ş?) [D:\DiskChecker\DiskChecker.Infrastructure\DiskChecker.Infrastructure.csproj]
D:\DiskChecker\DiskChecker.Infrastructure\Hardware\WindowsSmartaProvider.cs(507,52): error CS1061: string neobsahuje definici pro ToSafeString a nena┼íla se ┼ż├ídn├í dostupn├í metoda roz┼í├ş┼Öen├ş ToSafeString, kter├í by p┼Öij├şmala prvn├ş argument typu string. (Nechyb├ş direktiva using nebo odkaz na sestaven├ş?) [D:\DiskChecker\DiskChecker.Infrastructure\DiskChecker.Infrastructure.csproj]
D:\DiskChecker\DiskChecker.Infrastructure\Hardware\WindowsSmartaProvider.cs(512,142): error CS1061: string neobsahuje definici pro ToSafeString a nena┼íla se ┼ż├ídn├í dostupn├í metoda roz┼í├ş┼Öen├ş ToSafeString, kter├í by p┼Öij├şmala prvn├ş argument typu string. (Nechyb├ş direktiva using nebo odkaz na sestaven├ş?) [D:\DiskChecker\DiskChecker.Infrastructure\DiskChecker.Infrastructure.csproj]
    0 upozorn─Ťn├ş
    Po─Źet chyb: 62

Uplynul├Ż ─Źas 00:00:12.88
